<html>
<body>
<pre>
<h1>µVision Build Log</h1>
<h2>Tool Versions:</h2>
IDE-Version: ¦ÌVision V5.14.0.0
Copyright (C) 2015 ARM Ltd and ARM Germany GmbH. All rights reserved.
License Information: A xy, sp, LIC=14HV2-9D20W-ARYXW-QYEKV-QF68Q-ZNI09
 
Tool Versions:
Toolchain:       MDK-ARM Standard  Version: 5.14.0.0
Toolchain Path:  D:\Keil_v5\ARM\ARMCC\Bin
C Compiler:      Armcc.exe V5.05 update 1 (build 106)
Assembler:       Armasm.exe V5.05 update 1 (build 106)
Linker/Locator:  ArmLink.exe V5.05 update 1 (build 106)
Library Manager: ArmAr.exe V5.05 update 1 (build 106)
Hex Converter:   FromElf.exe V5.05 update 1 (build 106)
CPU DLL:         SARMCM3.DLL V5.14.0.0
Dialog DLL:      DCM.DLL V1.13.1.0
Target DLL:      Segger\JL2CM3.dll V2.99.13.0
Dialog DLL:      TCM.DLL V1.14.4.0
 
<h2>Project:</h2>
D:\lau\BER test\BER test\1216\STM32_workspace\STM32_workspace\Project.uvprojx
Project File Date:  12/20/2024

<h2>Output:</h2>
Build target 'Target 1'
compiling main.c...
User\main.c(23): warning:  #177-D: variable "buffer" was declared but never referenced
        char buffer[50];
User\main.c(27): warning:  #177-D: variable "VoltageValue" was declared but never referenced
        float VoltageValue = 2.7;
User\main.c: 2 warnings, 0 errors
linking...
Program Size: Code=10652 RO-data=320 RW-data=48 ZI-data=1024  
FromELF: creating hex file...
".\Objects\Project.axf" - 0 Error(s), 2 Warning(s).

<h2>Collection of Component include folders:</h2>
  D:\lau\BER test\BER test\1216\STM32_workspace\STM32_workspace\RTE
  D:\Keil_v5\ARM\PACK\Keil\STM32F1xx_DFP\1.0.5\Device\Include

<h2>Collection of Component Files used:</h2>
</pre>
</body>
</html>
